<?xml version="1.0" encoding="UTF-8"?>
<System name="CMPT473">
  <Parameters>
    <Parameter id="0" name="isValidPath" type="2">
      <values>
        <value>true</value>
        <value>false</value>
      </values>
      <basechoices />
      <invalidValues />
    </Parameter>
    <Parameter id="1" name="isValidCSV" type="2">
      <values>
        <value>true</value>
        <value>false</value>
      </values>
      <basechoices />
      <invalidValues />
    </Parameter>
    <Parameter id="3" name="isCSVEmpty" type="2">
      <values>
        <value>true</value>
        <value>false</value>
      </values>
      <basechoices />
      <invalidValues />
    </Parameter>
    <Parameter id="7" name="flaggedQuoteChar" type="2">
      <values>
        <value>true</value>
        <value>false</value>
      </values>
      <basechoices />
      <invalidValues />
    </Parameter>
    <Parameter id="8" name="flaggedDelimited" type="2">
      <values>
        <value>true</value>
        <value>false</value>
      </values>
      <basechoices />
      <invalidValues />
    </Parameter>
    <Parameter id="9" name="flaggedTabbed" type="2">
      <values>
        <value>true</value>
        <value>false</value>
      </values>
      <basechoices />
      <invalidValues />
    </Parameter>
    <Parameter id="10" name="quoteStyle" type="0">
      <values>
        <value>0</value>
        <value>1</value>
        <value>2</value>
        <value>3</value>
      </values>
      <basechoices />
      <invalidValues />
    </Parameter>
    <Parameter id="11" name="flaggedQuoteStyle" type="2">
      <values>
        <value>true</value>
        <value>false</value>
      </values>
      <basechoices />
      <invalidValues />
    </Parameter>
    <Parameter id="12" name="flaggedDoubleQuote" type="2">
      <values>
        <value>true</value>
        <value>false</value>
      </values>
      <basechoices />
      <invalidValues />
    </Parameter>
    <Parameter id="13" name="flaggedEscapeChar" type="2">
      <values>
        <value>true</value>
        <value>false</value>
      </values>
      <basechoices />
      <invalidValues />
    </Parameter>
    <Parameter id="14" name="flaggedFieldSizeLimit" type="2">
      <values>
        <value>true</value>
        <value>false</value>
      </values>
      <basechoices />
      <invalidValues />
    </Parameter>
    <Parameter id="15" name="flaggedEncoding" type="2">
      <values>
        <value>true</value>
        <value>false</value>
      </values>
      <basechoices />
      <invalidValues />
    </Parameter>
    <Parameter id="16" name="flaggedLocale" type="2">
      <values>
        <value>true</value>
        <value>false</value>
      </values>
      <basechoices />
      <invalidValues />
    </Parameter>
    <Parameter id="17" name="flaggedSkipSpace" type="2">
      <values>
        <value>true</value>
        <value>false</value>
      </values>
      <basechoices />
      <invalidValues />
    </Parameter>
    <Parameter id="18" name="flaggedDateFormat" type="2">
      <values>
        <value>true</value>
        <value>false</value>
      </values>
      <basechoices />
      <invalidValues />
    </Parameter>
    <Parameter id="19" name="flaggedDateTimeFormat" type="2">
      <values>
        <value>true</value>
        <value>false</value>
      </values>
      <basechoices />
      <invalidValues />
    </Parameter>
    <Parameter id="20" name="flaggedNoHeader" type="2">
      <values>
        <value>true</value>
        <value>false</value>
      </values>
      <basechoices />
      <invalidValues />
    </Parameter>
    <Parameter id="21" name="flaggedSkipLines" type="2">
      <values>
        <value>true</value>
        <value>false</value>
      </values>
      <basechoices />
      <invalidValues />
    </Parameter>
    <Parameter id="22" name="flaggedLineNums" type="2">
      <values>
        <value>true</value>
        <value>false</value>
      </values>
      <basechoices />
      <invalidValues />
    </Parameter>
    <Parameter id="23" name="flaggedZero" type="2">
      <values>
        <value>true</value>
        <value>false</value>
      </values>
      <basechoices />
      <invalidValues />
    </Parameter>
    <Parameter id="24" name="isDefault" type="2">
      <values>
        <value>true</value>
        <value>false</value>
      </values>
      <basechoices />
      <invalidValues />
    </Parameter>
  </Parameters>
  <OutputParameters />
  <Relations />
  <Constraints>
    <Constraint text="isValidPath = false =&gt; isValidCSV = false">
      <Parameters>
        <Parameter name="isValidPath" />
        <Parameter name="isValidCSV" />
      </Parameters>
    </Constraint>
    <Constraint text="isCSVEmpty = true =&gt; isValidCSV = true">
      <Parameters>
        <Parameter name="isCSVEmpty" />
        <Parameter name="isValidCSV" />
      </Parameters>
    </Constraint>
    <Constraint text="(quoteStyle = 0 || quoteStyle = 1 || quoteStyle = 2 || quoteStyle = 3) =&gt; flaggedQuoteStyle = true">
      <Parameters>
        <Parameter name="quoteStyle" />
        <Parameter name="quoteStyle" />
        <Parameter name="quoteStyle" />
        <Parameter name="quoteStyle" />
        <Parameter name="flaggedQuoteStyle" />
      </Parameters>
    </Constraint>
    <Constraint text="(flaggedDelimited = true || flaggedTabbed = true || flaggedQuoteStyle = true || flaggedDoubleQuote = true || flaggedEscapeChar = true || flaggedFieldSizeLimit = true || flaggedEncoding = true || flaggedLocale = true || flaggedSkipSpace == true || flaggedDateFormat = true || flaggedDateTimeFormat = true || flaggedNoHeader = true || flaggedSkipLines = true || flaggedLineNums = true || flaggedZero = true) =&gt; isDefault = false">
      <Parameters>
        <Parameter name="flaggedDelimited" />
        <Parameter name="flaggedTabbed" />
        <Parameter name="flaggedQuoteStyle" />
        <Parameter name="flaggedDoubleQuote" />
        <Parameter name="flaggedEscapeChar" />
        <Parameter name="flaggedFieldSizeLimit" />
        <Parameter name="flaggedEncoding" />
        <Parameter name="flaggedLocale" />
        <Parameter name="flaggedSkipSpace" />
        <Parameter name="flaggedDateFormat" />
        <Parameter name="flaggedDateTimeFormat" />
        <Parameter name="flaggedNoHeader" />
        <Parameter name="flaggedSkipLines" />
        <Parameter name="flaggedLineNums" />
        <Parameter name="flaggedZero" />
        <Parameter name="isDefault" />
      </Parameters>
    </Constraint>
    <Constraint text="isDefault = true =&gt; (flaggedDelimited = false || flaggedTabbed = false || flaggedQuoteStyle = false || flaggedDoubleQuote = false || flaggedEscapeChar = false || flaggedFieldSizeLimit = true || flaggedEncoding = false || flaggedLocale = true || flaggedSkipSpace = false || flaggedDateFormat = true || flaggedDateTimeFormat = false || flaggedNoHeader = false || flaggedSkipLines = false || flaggedLineNums = false || flaggedZero = false)">
      <Parameters>
        <Parameter name="isDefault" />
        <Parameter name="flaggedDelimited" />
        <Parameter name="flaggedTabbed" />
        <Parameter name="flaggedQuoteStyle" />
        <Parameter name="flaggedDoubleQuote" />
        <Parameter name="flaggedEscapeChar" />
        <Parameter name="flaggedFieldSizeLimit" />
        <Parameter name="flaggedEncoding" />
        <Parameter name="flaggedLocale" />
        <Parameter name="flaggedSkipSpace" />
        <Parameter name="flaggedDateFormat" />
        <Parameter name="flaggedDateTimeFormat" />
        <Parameter name="flaggedNoHeader" />
        <Parameter name="flaggedSkipLines" />
        <Parameter name="flaggedLineNums" />
        <Parameter name="flaggedZero" />
      </Parameters>
    </Constraint>
  </Constraints>
</System>

